
  .include "defs.asm"
  .section .rodata


.L1_global:


  .text
  .global fn

fn:
  sub sp, 30
  push r5
  push r6
  push r7
  push r8
  push r9
  push r10
  push r11
  push r12


  lw r12, fp[-30]
  lw r11, r12
  lw r10, fp[-14]
  mov r9, r10
  lw r8, fp[-30]
  lw r7, fp[-14]
  lw r6, r7
  stw r8, r6
  lw r8, fp[-14]
  lw r5, r8
  mov r11, r5

.L2_fn_return:
  pop r12
  pop r11
  pop r10
  pop r9
  pop r8
  pop r7
  pop r6
  pop r5
  add sp, 30
  ret


_start:
  call &main
  int $INT_HALT
  .global _start
